// Jest Snapshot v1, https://goo.gl/fbAQLP

exports[`Form should render should render correctly 1`] = `
ShallowWrapper {
  Symbol(enzyme.__root__): [Circular],
  Symbol(enzyme.__unrendered__): <SubmitForm />,
  Symbol(enzyme.__renderer__): Object {
    "batchedUpdates": [Function],
    "checkPropTypes": [Function],
    "getNode": [Function],
    "render": [Function],
    "simulateError": [Function],
    "simulateEvent": [Function],
    "unmount": [Function],
  },
  Symbol(enzyme.__node__): Object {
    "instance": null,
    "key": undefined,
    "nodeType": "host",
    "props": Object {
      "children": Array [
        <form
          onSubmit={[Function]}
        >
          <label>
            <input
              email="text"
              onChange={[Function]}
              placeholder="enter your email"
              type="text"
            />
          </label>
          <button
            className="submitButton"
            onClick={[Function]}
          >
            Submit
          </button>
        </form>,
        <ul />,
      ],
      "className": "formContainer",
    },
    "ref": null,
    "rendered": Array [
      Object {
        "instance": null,
        "key": undefined,
        "nodeType": "host",
        "props": Object {
          "children": Array [
            <label>
              <input
                email="text"
                onChange={[Function]}
                placeholder="enter your email"
                type="text"
              />
            </label>,
            <button
              className="submitButton"
              onClick={[Function]}
            >
              Submit
            </button>,
          ],
          "onSubmit": [Function],
        },
        "ref": null,
        "rendered": Array [
          Object {
            "instance": null,
            "key": undefined,
            "nodeType": "host",
            "props": Object {
              "children": <input
                email="text"
                onChange={[Function]}
                placeholder="enter your email"
                type="text"
              />,
            },
            "ref": null,
            "rendered": Object {
              "instance": null,
              "key": undefined,
              "nodeType": "host",
              "props": Object {
                "email": "text",
                "onChange": [Function],
                "placeholder": "enter your email",
                "type": "text",
              },
              "ref": null,
              "rendered": null,
              "type": "input",
            },
            "type": "label",
          },
          Object {
            "instance": null,
            "key": undefined,
            "nodeType": "host",
            "props": Object {
              "children": "Submit",
              "className": "submitButton",
              "onClick": [Function],
            },
            "ref": null,
            "rendered": "Submit",
            "type": "button",
          },
        ],
        "type": "form",
      },
      Object {
        "instance": null,
        "key": undefined,
        "nodeType": "host",
        "props": Object {
          "children": Array [],
        },
        "ref": null,
        "rendered": Array [],
        "type": "ul",
      },
    ],
    "type": "div",
  },
  Symbol(enzyme.__nodes__): Array [
    Object {
      "instance": null,
      "key": undefined,
      "nodeType": "host",
      "props": Object {
        "children": Array [
          <form
            onSubmit={[Function]}
          >
            <label>
              <input
                email="text"
                onChange={[Function]}
                placeholder="enter your email"
                type="text"
              />
            </label>
            <button
              className="submitButton"
              onClick={[Function]}
            >
              Submit
            </button>
          </form>,
          <ul />,
        ],
        "className": "formContainer",
      },
      "ref": null,
      "rendered": Array [
        Object {
          "instance": null,
          "key": undefined,
          "nodeType": "host",
          "props": Object {
            "children": Array [
              <label>
                <input
                  email="text"
                  onChange={[Function]}
                  placeholder="enter your email"
                  type="text"
                />
              </label>,
              <button
                className="submitButton"
                onClick={[Function]}
              >
                Submit
              </button>,
            ],
            "onSubmit": [Function],
          },
          "ref": null,
          "rendered": Array [
            Object {
              "instance": null,
              "key": undefined,
              "nodeType": "host",
              "props": Object {
                "children": <input
                  email="text"
                  onChange={[Function]}
                  placeholder="enter your email"
                  type="text"
                />,
              },
              "ref": null,
              "rendered": Object {
                "instance": null,
                "key": undefined,
                "nodeType": "host",
                "props": Object {
                  "email": "text",
                  "onChange": [Function],
                  "placeholder": "enter your email",
                  "type": "text",
                },
                "ref": null,
                "rendered": null,
                "type": "input",
              },
              "type": "label",
            },
            Object {
              "instance": null,
              "key": undefined,
              "nodeType": "host",
              "props": Object {
                "children": "Submit",
                "className": "submitButton",
                "onClick": [Function],
              },
              "ref": null,
              "rendered": "Submit",
              "type": "button",
            },
          ],
          "type": "form",
        },
        Object {
          "instance": null,
          "key": undefined,
          "nodeType": "host",
          "props": Object {
            "children": Array [],
          },
          "ref": null,
          "rendered": Array [],
          "type": "ul",
        },
      ],
      "type": "div",
    },
  ],
  Symbol(enzyme.__options__): Object {
    "adapter": ReactSixteenAdapter {
      "options": Object {
        "enableComponentDidUpdateOnSetState": true,
        "legacyContextMode": "parent",
        "lifecycles": Object {
          "componentDidUpdate": Object {
            "onSetState": true,
          },
          "getChildContext": Object {
            "calledByRenderer": false,
          },
          "getDerivedStateFromProps": true,
          "getSnapshotBeforeUpdate": true,
          "setState": Object {
            "skipsComponentDidUpdateOnNullish": true,
          },
        },
      },
    },
  },
}
`;
